Copying profile to /tmp/bh-profile-_75rfxm_
Traceback (most recent call last):
  File "/workspace/fixes/scripts/bluehost-auto-upload.py", line 96, in <module>
    sys.exit(main())
             ^^^^^^
  File "/workspace/fixes/scripts/bluehost-auto-upload.py", line 49, in main
    page.goto("https://my.bluehost.com/hosting/app", wait_until="networkidle", timeout=90000)
  File "/home/ubuntu/.local/lib/python3.12/site-packages/playwright/sync_api/_generated.py", line 9770, in goto
    self._sync(
  File "/home/ubuntu/.local/lib/python3.12/site-packages/playwright/_impl/_sync_base.py", line 115, in _sync
    return task.result()
           ^^^^^^^^^^^^^
  File "/home/ubuntu/.local/lib/python3.12/site-packages/playwright/_impl/_page.py", line 560, in goto
    return await self._main_frame.goto(**locals_to_params(locals()))
           ^^^^^^^^^^^^^^^^^^^^^^^^^^^^^^^^^^^^^^^^^^^^^^^^^^^^^^^^^
  File "/home/ubuntu/.local/lib/python3.12/site-packages/playwright/_impl/_frame.py", line 156, in goto
    await self._channel.send(
  File "/home/ubuntu/.local/lib/python3.12/site-packages/playwright/_impl/_connection.py", line 69, in send
    return await self._connection.wrap_api_call(
           ^^^^^^^^^^^^^^^^^^^^^^^^^^^^^^^^^^^^^
  File "/home/ubuntu/.local/lib/python3.12/site-packages/playwright/_impl/_connection.py", line 563, in wrap_api_call
    raise rewrite_error(error, f"{parsed_st['apiName']}: {error}") from None
playwright._impl._errors.TimeoutError: Page.goto: Timeout 90000ms exceeded.
Call log:
  - navigating to "https://my.bluehost.com/hosting/app", waiting until "networkidle"

