Traceback (most recent call last):
  File "/workspace/fixes/scripts/cpanel-upload.py", line 191, in <module>
    sys.exit(main())
             ^^^^^^
  File "/workspace/fixes/scripts/cpanel-upload.py", line 136, in main
    ctx = p.chromium.launch_persistent_context(
          ^^^^^^^^^^^^^^^^^^^^^^^^^^^^^^^^^^^^^
  File "/home/ubuntu/.local/lib/python3.12/site-packages/playwright/sync_api/_generated.py", line 16816, in launch_persistent_context
    self._sync(
  File "/home/ubuntu/.local/lib/python3.12/site-packages/playwright/_impl/_sync_base.py", line 115, in _sync
    return task.result()
           ^^^^^^^^^^^^^
  File "/home/ubuntu/.local/lib/python3.12/site-packages/playwright/_impl/_browser_type.py", line 165, in launch_persistent_context
    result = await self._channel.send_return_as_dict(
             ^^^^^^^^^^^^^^^^^^^^^^^^^^^^^^^^^^^^^^^^
  File "/home/ubuntu/.local/lib/python3.12/site-packages/playwright/_impl/_connection.py", line 83, in send_return_as_dict
    return await self._connection.wrap_api_call(
           ^^^^^^^^^^^^^^^^^^^^^^^^^^^^^^^^^^^^^
  File "/home/ubuntu/.local/lib/python3.12/site-packages/playwright/_impl/_connection.py", line 563, in wrap_api_call
    raise rewrite_error(error, f"{parsed_st['apiName']}: {error}") from None
playwright._impl._errors.TimeoutError: BrowserType.launch_persistent_context: Timeout 180000ms exceeded.
Call log:
  - <launching> /opt/google/chrome/chrome --disable-field-trial-config --disable-background-networking --disable-background-timer-throttling --disable-backgrounding-occluded-windows --disable-back-forward-cache --disable-breakpad --disable-client-side-phishing-detection --disable-component-extensions-with-background-pages --disable-component-update --no-default-browser-check --disable-default-apps --disable-dev-shm-usage --disable-edgeupdater --disable-extensions --disable-features=AvoidUnnecessaryBeforeUnloadCheckSync,BoundaryEventDispatchTracksNodeRemoval,DestroyProfileOnBrowserClose,DialMediaRouteProvider,GlobalMediaControls,HttpsUpgrades,LensOverlay,MediaRouter,PaintHolding,ThirdPartyStoragePartitioning,Translate,AutoDeElevate,RenderDocument,OptimizationHints,msForceBrowserSignIn,msEdgeUpdateLaunchServicesPreferredVersion --enable-features=CDPScreenshotNewSurface --allow-pre-commit-input --disable-hang-monitor --disable-ipc-flooding-protection --disable-popup-blocking --disable-prompt-on-repost --disable-renderer-backgrounding --force-color-profile=srgb --metrics-recording-only --no-first-run --password-store=basic --use-mock-keychain --no-service-autorun --export-tagged-pdf --disable-search-engine-choice-screen --unsafely-disable-devtools-self-xss-warnings --edge-skip-compat-layer-relaunch --disable-infobars --disable-search-engine-choice-screen --disable-sync --enable-unsafe-swiftshader --no-sandbox --no-sandbox --disable-dev-shm-usage --user-data-dir=/home/ubuntu/.config/google-chrome --remote-debugging-pipe about:blank
  - <launched> pid=89244
  - [pid=89244][err] [0711/233828.092665:WARNING:chrome/app/chrome_main_linux.cc:84] Read channel stable from /opt/google/chrome/CHROME_VERSION_EXTRA
  - [pid=89244][err] [89244:89272:0711/233828.245471:ERROR:dbus/bus.cc:405] Failed to connect to the bus: Could not parse server address: Unknown address type (examples of valid types are "tcp" and on UNIX "unix")
  - [pid=89244][err] [89244:89244:0711/233828.274179:ERROR:components/content_settings/core/browser/content_settings_pref.cc:326] Invalid pattern strings: *,
  - [pid=89244][err] [89244:89272:0711/233828.276147:ERROR:dbus/bus.cc:405] Failed to connect to the bus: Could not parse server address: Unknown address type (examples of valid types are "tcp" and on UNIX "unix")
  - [pid=89244][err] [89289:89289:0711/233828.316661:ERROR:components/viz/service/main/viz_main_impl.cc:190] Exiting GPU process due to errors during initialization
  - [pid=89244][err] [89244:89272:0711/233828.334147:ERROR:dbus/bus.cc:405] Failed to connect to the bus: Could not parse server address: Unknown address type (examples of valid types are "tcp" and on UNIX "unix")
  - [pid=89244][err]
  - [pid=89244][err] DevTools remote debugging requires a non-default data directory. Specify this using --user-data-dir.
  - [pid=89244][err] [89244:89272:0711/233828.370130:ERROR:dbus/bus.cc:405] Failed to connect to the bus: Could not parse server address: Unknown address type (examples of valid types are "tcp" and on UNIX "unix")
  - [pid=89244][err] [89244:89272:0711/233828.370152:ERROR:dbus/bus.cc:405] Failed to connect to the bus: Could not parse server address: Unknown address type (examples of valid types are "tcp" and on UNIX "unix")
  - [pid=89244][err] [89244:89244:0711/233828.455747:ERROR:dbus/object_proxy.cc:572] Failed to call method: org.freedesktop.DBus.NameHasOwner: object_path= /org/freedesktop/DBus: unknown error type:
  - [pid=89244][err] [89244:89272:0711/233828.455804:ERROR:dbus/bus.cc:405] Failed to connect to the bus: Could not parse server address: Unknown address type (examples of valid types are "tcp" and on UNIX "unix")
  - [pid=89244][err] [89244:89244:0711/233828.460387:ERROR:dbus/object_proxy.cc:572] Failed to call method: org.freedesktop.DBus.NameHasOwner: object_path= /org/freedesktop/DBus: unknown error type:
  - [pid=89244][err] [89244:89244:0711/233828.468940:ERROR:dbus/object_proxy.cc:572] Failed to call method: org.freedesktop.DBus.NameHasOwner: object_path= /org/freedesktop/DBus: unknown error type:
  - [pid=89244][err] [89244:89272:0711/233828.469187:ERROR:dbus/bus.cc:405] Failed to connect to the bus: Could not parse server address: Unknown address type (examples of valid types are "tcp" and on UNIX "unix")
  - [pid=89244][err] [89244:89244:0711/233828.490526:ERROR:dbus/object_proxy.cc:572] Failed to call method: org.freedesktop.DBus.NameHasOwner: object_path= /org/freedesktop/DBus: unknown error type:
  - [pid=89244][err] [89244:89244:0711/233828.494473:ERROR:dbus/object_proxy.cc:572] Failed to call method: org.freedesktop.DBus.NameHasOwner: object_path= /org/freedesktop/DBus: unknown error type:
  - [pid=89244][err] [89244:89272:0711/233828.494610:ERROR:dbus/bus.cc:405] Failed to connect to the bus: Could not parse server address: Unknown address type (examples of valid types are "tcp" and on UNIX "unix")
  - [pid=89244][err] [89244:89244:0711/233828.500650:ERROR:dbus/object_proxy.cc:572] Failed to call method: org.freedesktop.DBus.Properties.GetAll: object_path= /org/freedesktop/UPower/devices/DisplayDevice: org.freedesktop.DBus.Error.ServiceUnknown: The name org.freedesktop.UPower was not provided by any .service files
  - [pid=89244][err] [89244:89244:0711/233828.502684:ERROR:dbus/object_proxy.cc:572] Failed to call method: org.freedesktop.DBus.NameHasOwner: object_path= /org/freedesktop/DBus: unknown error type:
  - [pid=89244][err] [89244:89272:0711/233828.503867:ERROR:dbus/bus.cc:405] Failed to connect to the bus: Could not parse server address: Unknown address type (examples of valid types are "tcp" and on UNIX "unix")
  - [pid=89244][err] [89244:89244:0711/233828.510555:ERROR:dbus/object_proxy.cc:572] Failed to call method: org.freedesktop.DBus.NameHasOwner: object_path= /org/freedesktop/DBus: unknown error type:
  - [pid=89244][err] [89244:89272:0711/233828.510593:ERROR:dbus/bus.cc:405] Failed to connect to the bus: Could not parse server address: Unknown address type (examples of valid types are "tcp" and on UNIX "unix")
  - [pid=89244][err] [89244:89244:0711/233828.514821:ERROR:dbus/object_proxy.cc:572] Failed to call method: org.freedesktop.DBus.NameHasOwner: object_path= /org/freedesktop/DBus: unknown error type:
  - [pid=89244][err] [89563:89563:0711/233828.544472:ERROR:components/viz/service/main/viz_main_impl.cc:190] Exiting GPU process due to errors during initialization
  - [pid=89244][err] [89542:89559:0711/233828.652688:ERROR:gpu/ipc/client/command_buffer_proxy_impl.cc:285] ContextResult::kTransientFailure: Failed to send GpuControl.CreateCommandBuffer.
  - [pid=89244][err] [89244:89274:0711/233830.635795:ERROR:google_apis/gcm/engine/registration_request.cc:291] Registration response error message: DEPRECATED_ENDPOINT
  - [pid=89244][err] [89244:89274:0711/233857.527918:ERROR:google_apis/gcm/engine/registration_request.cc:291] Registration response error message: DEPRECATED_ENDPOINT
  - [pid=89244][err] [89244:89274:0711/233954.753856:ERROR:google_apis/gcm/engine/registration_request.cc:291] Registration response error message: DEPRECATED_ENDPOINT
  - [pid=89244][err] [89244:89274:0711/234125.618604:ERROR:google_apis/gcm/engine/registration_request.cc:291] Registration response error message: DEPRECATED_ENDPOINT

